Parsing grammar file...
Generating LALR states...
Resolving 320 states...
Creating parser file...

Warning: [1mUseless terminal UNMATCHED does not appear on the right side of any rule, neither is it the start symbol.[0m

Warning: [1mUseless terminal PUA does not appear on the right side of any rule, neither is it the start symbol.[0m

2 useless terminals
