Parsing grammar file...
Generating LALR states...
Resolving 236 states...
Creating parser file...

[1;35mWarning: [0m[1mUseless terminal [0m[1;33m"*"[0m[1m does not appear on the right side of any rule, neither is it the start symbol.[0m

[1;35mWarning: [0m[1mUseless terminal [0m[1;33m"/"[0m[1m does not appear on the right side of any rule, neither is it the start symbol.[0m

[1;35mWarning: [0m[1mUseless terminal [0m[1;33m"+"[0m[1m does not appear on the right side of any rule, neither is it the start symbol.[0m

[1;35mWarning: [0m[1mUseless terminal [0m[1;33m"-"[0m[1m does not appear on the right side of any rule, neither is it the start symbol.[0m

[1;35mWarning: [0m[1mShift/reduce conflict on [0m[1;36m[4mQUALIFIER[0m[1m, at the beginning of the parse.[0m

The following rule directs me to shift:
[1mmof.y:469: [0m[1;34mqualifierDeclaration[0m
...
[1mmof.y:471: [0m      : [1;36m[4mQUALIFIER[0m [1;34mqualifierName[0m [1;34mqualifierType[0m [1;34mscope[0m [1;34mdefaultFlavor_opt[0m [1;33m";"[0m
                   { result = CIM::QualifierDeclaration.new( val[1], val[2][0], val[2][1], val[3], val[4]) }
The following rule directs me to reduce:
[1mmof.y:40: [0m[1;34mmofSpecification[0m
...
[1mmof.y:42: [0m        { result = Hash.new }

After shifting [1;36m[4mQUALIFIER[0m, one path to a successful parse would be:
[1;34mqualifierName[0m [1;34mqualifierType[0m [1;34mscope[0m [1;34mdefaultFlavor_opt[0m [1;33m";"[0m (reduce to [1;34mqualifierDeclaration[0m) (reduce to [1;34mmofProduction[0m) (reduce to [1;34mmofSpecification[0m)

After reducing to [1;34mmofSpecification[0m, one path to a successful parse would be:
[1;36m[4mQUALIFIER[0m [1;34mqualifierName[0m [1;34mqualifierType[0m [1;34mscope[0m [1;34mdefaultFlavor_opt[0m [1;33m";"[0m (reduce to [1;34mqualifierDeclaration[0m) (reduce to [1;34mmofProduction[0m) (reduce to [1;34mmofSpecification[0m)

[1;35mWarning: [0m[1mShift/reduce conflict on [0m[1;33m"#"[0m[1m, at the beginning of the parse.[0m

The following rules direct me to shift:
[1mmof.y:70: [0m[1;34mcompilerDirective[0m
                : [1;33m"#"[0m [1;36m[4mPRAGMA[0m [1;36m[4mINCLUDE[0m [1;34mpragmaParameters_opt[0m
                  { raise MOF::Helper::Error.new(@name,@lineno,@line,"Missing filename after '#pragma include'") unless val[3]
                    open val[3], :pragma
                  }
[1mmof.y:70: [0m[1;34mcompilerDirective[0m
...
[1mmof.y:75: [0m      | [1;33m"#"[0m [1;36m[4mPRAGMA[0m [1;34mpragmaName[0m [1;34mpragmaParameters_opt[0m
[1mmof.y:70: [0m[1;34mcompilerDirective[0m
...
[1mmof.y:76: [0m      | [1;33m"#"[0m [1;36m[4mINCLUDE[0m [1;34mpragmaParameters_opt[0m
                  { raise StyleError.new(@name,@lineno,@line,"Use '#pragma include' instead of '#include'") unless @style == :wmi
                    raise MOF::Helper::Error.new(@name,@lineno,@line,"Missing filename after '#include'") unless val[2]
                    open val[2], :pragma
                  }
The following rule directs me to reduce:
[1mmof.y:40: [0m[1;34mmofSpecification[0m
...
[1mmof.y:42: [0m        { result = Hash.new }

After shifting [1;33m"#"[0m, one path to a successful parse would be:
[1;36m[4mPRAGMA[0m [1;36m[4mINCLUDE[0m [1;34mpragmaParameters_opt[0m (reduce to [1;34mcompilerDirective[0m) (reduce to [1;34mmofProduction[0m) (reduce to [1;34mmofSpecification[0m)

After reducing to [1;34mmofSpecification[0m, one path to a successful parse would be:
[1;33m"#"[0m [1;36m[4mPRAGMA[0m [1;36m[4mINCLUDE[0m [1;34mpragmaParameters_opt[0m (reduce to [1;34mcompilerDirective[0m) (reduce to [1;34mmofProduction[0m) (reduce to [1;34mmofSpecification[0m)

[1;35mWarning: [0m[1mShift/reduce conflict on [0m[1;33m"["[0m[1m, at the beginning of the parse.[0m

The following rule directs me to shift:
[1mmof.y:140: [0m[1;34mqualifierList[0m
                 : [1;33m"["[0m [1;34mqualifier[0m [1;34mqualifiers[0m [1;33m"]"[0m
                   { result = val[2]
                     result.unshift val[1] if val[1] }
The following rule directs me to reduce:
[1mmof.y:40: [0m[1;34mmofSpecification[0m
...
[1mmof.y:42: [0m        { result = Hash.new }

After shifting [1;33m"["[0m, one path to a successful parse would be:
[1;34mqualifier[0m [1;34mqualifiers[0m [1;33m"]"[0m (reduce to [1;34mqualifierList[0m) (reduce to [1;34mqualifierList_opt[0m) [1;36m[4mCLASS[0m [1;34mclassName[0m [1;34malias_opt[0m [1;34msuperClass_opt[0m [1;33m"{"[0m [1;34mclassFeatures[0m [1;33m"}"[0m [1;33m";"[0m (reduce to [1;34mclassDeclaration[0m) (reduce to [1;34mmofProduction[0m) (reduce to [1;34mmofSpecification[0m)

After reducing to [1;34mmofSpecification[0m, one path to a successful parse would be:
[1;33m"["[0m [1;34mqualifier[0m [1;34mqualifiers[0m [1;33m"]"[0m (reduce to [1;34mqualifierList[0m) (reduce to [1;34mqualifierList_opt[0m) [1;36m[4mCLASS[0m [1;34mclassName[0m [1;34malias_opt[0m [1;34msuperClass_opt[0m [1;33m"{"[0m [1;34mclassFeatures[0m [1;33m"}"[0m [1;33m";"[0m (reduce to [1;34mclassDeclaration[0m) (reduce to [1;34mmofProduction[0m) (reduce to [1;34mmofSpecification[0m)

[1;35mWarning: [0m[1mShift/reduce conflict on [0m[1;36m[4mIDENTIFIER[0m[1m, after the following input:[0m
[1;36m[4mQUALIFIER[0m [1;34mqualifierName[0m [1;33m":"[0m [1;34mdataType[0m [1;34marray_opt[0m [1;33m"="[0m

The following rule directs me to shift:
[1mmof.y:434: [0m[1;34mnamespaceHandle[0m
                 : [1;36m[4mIDENTIFIER[0m
The following rule directs me to reduce:
[1mmof.y:429: [0m[1;34mnamespace_opt[0m
...
[1mmof.y:431: [0m      | [1;34mnamespaceHandle[0m [1;33m":"[0m

After shifting [1;36m[4mIDENTIFIER[0m, one path to a successful parse would be:
(reduce to [1;34mnamespaceHandle[0m) [1;33m":"[0m (reduce to [1;34mnamespace_opt[0m) [1;34mmodelPath[0m (reduce to [1;34mobjectHandle[0m) (reduce to [1;34mreferenceInitializer[0m) (reduce to [1;34minitializer[0m) (reduce to [1;34mdefaultValue[0m) (reduce to [1;34mdefaultValue_opt[0m) (reduce to [1;34mqualifierType[0m) [1;34mscope[0m [1;34mdefaultFlavor_opt[0m [1;33m";"[0m (reduce to [1;34mqualifierDeclaration[0m) (reduce to [1;34mmofProduction[0m) (reduce to [1;34mmofSpecification[0m)

After reducing to [1;34mnamespace_opt[0m, one path to a successful parse would be:
[1;36m[4mIDENTIFIER[0m (reduce to [1;34mclassName[0m) [1;33m"."[0m [1;34mkeyValuePairList[0m (reduce to [1;34mmodelPath[0m) (reduce to [1;34mobjectHandle[0m) (reduce to [1;34mreferenceInitializer[0m) (reduce to [1;34minitializer[0m) (reduce to [1;34mdefaultValue[0m) (reduce to [1;34mdefaultValue_opt[0m) (reduce to [1;34mqualifierType[0m) [1;34mscope[0m [1;34mdefaultFlavor_opt[0m [1;33m";"[0m (reduce to [1;34mqualifierDeclaration[0m) (reduce to [1;34mmofProduction[0m) (reduce to [1;34mmofSpecification[0m)

[1;35mWarning: [0m[1mShift/reduce conflict on [0m[1;36m[4mIDENTIFIER[0m[1m, after the following input:[0m
[1;34mqualifierList_opt[0m [1;36m[4mINSTANCE[0m [1;36m[4mOF[0m [1;34mclassName[0m [1;34malias_opt[0m [1;33m"{"[0m [1;34mqualifierList_opt[0m [1;34mkeyname[0m [1;33m"="[0m

The following rule directs me to shift:
[1mmof.y:434: [0m[1;34mnamespaceHandle[0m
                 : [1;36m[4mIDENTIFIER[0m
The following rule directs me to reduce:
[1mmof.y:429: [0m[1;34mnamespace_opt[0m
...
[1mmof.y:431: [0m      | [1;34mnamespaceHandle[0m [1;33m":"[0m

After shifting [1;36m[4mIDENTIFIER[0m, one path to a successful parse would be:
(reduce to [1;34mnamespaceHandle[0m) [1;33m":"[0m (reduce to [1;34mnamespace_opt[0m) [1;34mmodelPath[0m (reduce to [1;34mobjectHandle[0m) (reduce to [1;34mreferenceInitializer[0m) (reduce to [1;34minitializer[0m) [1;33m";"[0m (reduce to [1;34mvalueInitializer[0m) (reduce to [1;34mvalueInitializers[0m) [1;33m"}"[0m (reduce to [1;34minstance[0m) [1;33m";"[0m (reduce to [1;34minstanceDeclaration[0m) (reduce to [1;34mmofProduction[0m) (reduce to [1;34mmofSpecification[0m)

After reducing to [1;34mnamespace_opt[0m, one path to a successful parse would be:
[1;36m[4mIDENTIFIER[0m (reduce to [1;34mclassName[0m) [1;33m"."[0m [1;34mkeyValuePairList[0m (reduce to [1;34mmodelPath[0m) (reduce to [1;34mobjectHandle[0m) (reduce to [1;34mreferenceInitializer[0m) (reduce to [1;34minitializer[0m) [1;33m";"[0m (reduce to [1;34mvalueInitializer[0m) (reduce to [1;34mvalueInitializers[0m) [1;33m"}"[0m (reduce to [1;34minstance[0m) [1;33m";"[0m (reduce to [1;34minstanceDeclaration[0m) (reduce to [1;34mmofProduction[0m) (reduce to [1;34mmofSpecification[0m)

[1;35mWarning: [0m[1mShift/reduce conflict on [0m[1;33m","[0m[1m, after the following input:[0m
[1;36m[4mQUALIFIER[0m [1;34mqualifierName[0m [1;33m":"[0m [1;34mdataType[0m [1;34marray_opt[0m [1;33m"="[0m [1;34mnamespace_opt[0m [1;34mclassName[0m [1;33m"."[0m [1;34mkeyValuePair[0m [1;34mkeyValuePairs[0m

The following rule directs me to shift:
[1mmof.y:451: [0m[1;34mkeyValuePairs[0m
...
[1mmof.y:453: [0m      | [1;34mkeyValuePairs[0m [1;33m","[0m [1;34mkeyValuePair[0m
The following rule directs me to reduce:
[1mmof.y:447: [0m[1;34mkeyValuePairList[0m
                 : [1;34mkeyValuePair[0m [1;34mkeyValuePairs[0m

After shifting [1;33m","[0m, one path to a successful parse would be:
[1;34mkeyValuePair[0m (reduce to [1;34mkeyValuePairs[0m) (reduce to [1;34mkeyValuePairList[0m) (reduce to [1;34mmodelPath[0m) (reduce to [1;34mobjectHandle[0m) (reduce to [1;34mreferenceInitializer[0m) (reduce to [1;34minitializer[0m) (reduce to [1;34mdefaultValue[0m) (reduce to [1;34mdefaultValue_opt[0m) (reduce to [1;34mqualifierType[0m) [1;34mscope[0m [1;34mdefaultFlavor_opt[0m [1;33m";"[0m (reduce to [1;34mqualifierDeclaration[0m) (reduce to [1;34mmofProduction[0m) (reduce to [1;34mmofSpecification[0m)

After reducing to [1;34mkeyValuePairList[0m, one path to a successful parse would be:
[1;33m","[0m [1;36m[4mSCOPE[0m [1;33m"("[0m [1;34mmetaElements[0m [1;33m")"[0m (reduce to [1;34mscope[0m) [1;34mscope[0m [1;34mdefaultFlavor_opt[0m [1;33m";"[0m (reduce to [1;34mqualifierDeclaration[0m) (reduce to [1;34mmofProduction[0m) (reduce to [1;34mmofSpecification[0m)

[1;35mWarning: [0m[1mShift/reduce conflict on [0m[1;36m[4mIDENTIFIER[0m[1m, after the following input:[0m
[1;36m[4mQUALIFIER[0m [1;34mqualifierName[0m [1;33m":"[0m [1;34mdataType[0m [1;34marray_opt[0m [1;33m"="[0m [1;34mnamespace_opt[0m [1;34mclassName[0m [1;33m"."[0m [1;34mkeyname[0m [1;33m"="[0m

The following rule directs me to shift:
[1mmof.y:434: [0m[1;34mnamespaceHandle[0m
                 : [1;36m[4mIDENTIFIER[0m
The following rule directs me to reduce:
[1mmof.y:429: [0m[1;34mnamespace_opt[0m
...
[1mmof.y:431: [0m      | [1;34mnamespaceHandle[0m [1;33m":"[0m

After shifting [1;36m[4mIDENTIFIER[0m, one path to a successful parse would be:
(reduce to [1;34mnamespaceHandle[0m) [1;33m":"[0m (reduce to [1;34mnamespace_opt[0m) [1;34mmodelPath[0m (reduce to [1;34mobjectHandle[0m) (reduce to [1;34mreferenceInitializer[0m) (reduce to [1;34minitializer[0m) (reduce to [1;34mkeyValuePair[0m) [1;34mkeyValuePairs[0m (reduce to [1;34mkeyValuePairList[0m) (reduce to [1;34mmodelPath[0m) (reduce to [1;34mobjectHandle[0m) (reduce to [1;34mreferenceInitializer[0m) (reduce to [1;34minitializer[0m) (reduce to [1;34mdefaultValue[0m) (reduce to [1;34mdefaultValue_opt[0m) (reduce to [1;34mqualifierType[0m) [1;34mscope[0m [1;34mdefaultFlavor_opt[0m [1;33m";"[0m (reduce to [1;34mqualifierDeclaration[0m) (reduce to [1;34mmofProduction[0m) (reduce to [1;34mmofSpecification[0m)

After reducing to [1;34mnamespace_opt[0m, one path to a successful parse would be:
[1;36m[4mIDENTIFIER[0m (reduce to [1;34mclassName[0m) [1;33m"."[0m [1;34mkeyValuePairList[0m (reduce to [1;34mmodelPath[0m) (reduce to [1;34mobjectHandle[0m) (reduce to [1;34mreferenceInitializer[0m) (reduce to [1;34minitializer[0m) (reduce to [1;34mkeyValuePair[0m) [1;34mkeyValuePairs[0m (reduce to [1;34mkeyValuePairList[0m) (reduce to [1;34mmodelPath[0m) (reduce to [1;34mobjectHandle[0m) (reduce to [1;34mreferenceInitializer[0m) (reduce to [1;34minitializer[0m) (reduce to [1;34mdefaultValue[0m) (reduce to [1;34mdefaultValue_opt[0m) (reduce to [1;34mqualifierType[0m) [1;34mscope[0m [1;34mdefaultFlavor_opt[0m [1;33m";"[0m (reduce to [1;34mqualifierDeclaration[0m) (reduce to [1;34mmofProduction[0m) (reduce to [1;34mmofSpecification[0m)

[1;35mWarning: [0m[1mReduce/reduce conflict on [0m[1;36m[4mCLASS[0m[1m, at the beginning of the parse.[0m

It is possible to reduce by either of these rules:
[1mmof.y:40: [0m[1;34mmofSpecification[0m
...
[1mmof.y:42: [0m        { result = Hash.new }
[1mmof.y:134: [0m[1;34mqualifierList_opt[0m
...
[1mmof.y:136: [0m      | [1;34mqualifierList[0m

After reducing to [1;34mmofSpecification[0m, one path to a successful parse would be:
[1;36m[4mCLASS[0m [1;34mclassName[0m [1;34malias_opt[0m [1;34msuperClass_opt[0m [1;33m"{"[0m [1;34mclassFeatures[0m [1;33m"}"[0m [1;33m";"[0m (reduce to [1;34mclassDeclaration[0m) (reduce to [1;34mmofProduction[0m) (reduce to [1;34mmofSpecification[0m)

After reducing to [1;34mqualifierList_opt[0m, one path to a successful parse would be:
[1;36m[4mCLASS[0m [1;34mclassName[0m [1;34malias_opt[0m [1;34msuperClass_opt[0m [1;33m"{"[0m [1;34mclassFeatures[0m [1;33m"}"[0m [1;33m";"[0m (reduce to [1;34mclassDeclaration[0m) (reduce to [1;34mmofProduction[0m) (reduce to [1;34mmofSpecification[0m)

[1;35mWarning: [0m[1mReduce/reduce conflict on [0m[1;36m[4mINSTANCE[0m[1m, at the beginning of the parse.[0m

It is possible to reduce by either of these rules:
[1mmof.y:40: [0m[1;34mmofSpecification[0m
...
[1mmof.y:42: [0m        { result = Hash.new }
[1mmof.y:134: [0m[1;34mqualifierList_opt[0m
...
[1mmof.y:136: [0m      | [1;34mqualifierList[0m

After reducing to [1;34mmofSpecification[0m, one path to a successful parse would be:
[1;36m[4mINSTANCE[0m [1;36m[4mOF[0m [1;34mclassName[0m [1;34malias_opt[0m [1;33m"{"[0m [1;34mvalueInitializers[0m [1;33m"}"[0m (reduce to [1;34minstance[0m) [1;33m";"[0m (reduce to [1;34minstanceDeclaration[0m) (reduce to [1;34mmofProduction[0m) (reduce to [1;34mmofSpecification[0m)

After reducing to [1;34mqualifierList_opt[0m, one path to a successful parse would be:
[1;36m[4mINSTANCE[0m [1;36m[4mOF[0m [1;34mclassName[0m [1;34malias_opt[0m [1;33m"{"[0m [1;34mvalueInitializers[0m [1;33m"}"[0m (reduce to [1;34minstance[0m) [1;33m";"[0m (reduce to [1;34minstanceDeclaration[0m) (reduce to [1;34mmofProduction[0m) (reduce to [1;34mmofSpecification[0m)

[1;35mWarning: [0m[1mReduce/reduce conflict on [0m[1;33m";"[0m[1m, after the following input:[0m
[1;34mqualifierList_opt[0m [1;36m[4mINSTANCE[0m [1;36m[4mOF[0m [1;34mclassName[0m [1;34malias_opt[0m [1;33m"{"[0m [1;34mqualifierList_opt[0m [1;36m[4mIDENTIFIER[0m

It is possible to reduce by either of these rules:
[1mmof.y:259: [0m[1;34mpropertyName[0m
                 : [1;36m[4mIDENTIFIER[0m
[1mmof.y:267: [0m[1;34mreferenceName[0m
                 : [1;36m[4mIDENTIFIER[0m

After reducing to [1;34mpropertyName[0m, one path to a successful parse would be:
[1;33m";"[0m (reduce to [1;34mvalueInitializer[0m) (reduce to [1;34mvalueInitializers[0m) [1;33m"}"[0m (reduce to [1;34minstance[0m) [1;33m";"[0m (reduce to [1;34minstanceDeclaration[0m) (reduce to [1;34mmofProduction[0m) (reduce to [1;34mmofSpecification[0m)

After reducing to [1;34mreferenceName[0m, one path to a successful parse would be:
[1;33m";"[0m (reduce to [1;34mvalueInitializer[0m) (reduce to [1;34mvalueInitializers[0m) [1;33m"}"[0m (reduce to [1;34minstance[0m) [1;33m";"[0m (reduce to [1;34minstanceDeclaration[0m) (reduce to [1;34mmofProduction[0m) (reduce to [1;34mmofSpecification[0m)

[1;35mWarning: [0m[1mReduce/reduce conflict on [0m[1;33m"="[0m[1m, after the following input:[0m
[1;34mqualifierList_opt[0m [1;36m[4mINSTANCE[0m [1;36m[4mOF[0m [1;34mclassName[0m [1;34malias_opt[0m [1;33m"{"[0m [1;34mqualifierList_opt[0m [1;36m[4mIDENTIFIER[0m

It is possible to reduce by either of these rules:
[1mmof.y:259: [0m[1;34mpropertyName[0m
                 : [1;36m[4mIDENTIFIER[0m
[1mmof.y:267: [0m[1;34mreferenceName[0m
                 : [1;36m[4mIDENTIFIER[0m

After reducing to [1;34mpropertyName[0m, one path to a successful parse would be:
[1;33m"="[0m [1;34minitializer[0m [1;33m";"[0m (reduce to [1;34mvalueInitializer[0m) (reduce to [1;34mvalueInitializers[0m) [1;33m"}"[0m (reduce to [1;34minstance[0m) [1;33m";"[0m (reduce to [1;34minstanceDeclaration[0m) (reduce to [1;34mmofProduction[0m) (reduce to [1;34mmofSpecification[0m)

After reducing to [1;34mreferenceName[0m, one path to a successful parse would be:
[1;33m"="[0m [1;34minitializer[0m [1;33m";"[0m (reduce to [1;34mvalueInitializer[0m) (reduce to [1;34mvalueInitializers[0m) [1;33m"}"[0m (reduce to [1;34minstance[0m) [1;33m";"[0m (reduce to [1;34minstanceDeclaration[0m) (reduce to [1;34mmofProduction[0m) (reduce to [1;34mmofSpecification[0m)

4 useless terminals, 7 shift/reduce conflicts, 4 reduce/reduce conflicts
